Historical scraper (v3): зсуви -1 … -7 (7 дн.)
Output: /Users/m.aralov/projects/parserFootballOdds/data/historical
Sim minutes: 65, 75'
Form/H2H: disabled (use --with-form to enable)
Sample per day: 50

============================================================
Day -1 (2026-04-26)
============================================================
  Total: 1132 | Score filter: 500 | Scores: {"1:2":72,"2:1":93,"0:2":51,"2:2":58,"0:0":84,"4:0":22,"4:4":3,"0:1":81,"1:1":117,"6:3":1,"1:0":114,"1:5":3,"0:3":20,"6:2":4,"3:2":27,"5:1":13,"3:0":38,"6:0":4,"2:4":9,"2:0":74,"1:4":13,"3:1":37,"3:4":10,"1:3":25,"2:3":18,"4:3":10,"0:4":17,"4:1":21,"5:0":11,"3:3":12,"0:6":4,"2:6":1,"4:2":16,"7:0":4,"6:1":1,"0:5":4,"3:8":1,"2:5":5,"11:5":1,"7:3":4,"9:3":1,"5:2":4,"0:9":2,"5:4":1,"9:5":1,"6:4":1,"5:3":2,"10:4":1,"1:9":1,"1:6":2,"0:14":1,"8:1":1,"7:2":1,"0:8":1,"7:8":1,"10:3":1,"3:6":1}
  Sample: case=50 → working with 50
  [1/50] Дукаджїні - Малішева (0:1) ... SKIP (немає статистики на мобільній)
  [2/50] Лаферрере - Лінієрс (0:0) ...   ⚠ DOM ALERT [MoXwXMZr]: PAGE_ERROR — overall: Runtime.callFunctionOn timed out. Increase the 'protocolTimeout' setting in launch/connect calls for a higher timeout if needed.
  [stats] MoXwXMZr mobile fallback overall: 6 metrics
  [stats] MoXwXMZr → both, 6 metrics
65'→SKIP | 75'→SKIP
  [3/50] Акассусо - КА Естудіантес (0:1) ...   ⚠ DOM ALERT [C2CYHPAF]: PAGE_ERROR — secondHalf: Runtime.callFunctionOn timed out. Increase the 'protocolTimeout' setting in launch/connect calls for a higher timeout if needed.
  [stats] C2CYHPAF → overall_only, 7 metrics
65'→SKIP
  [4/50] Жувентуде - Лондріна (1:0) ... SKIP (гол до 60': перший на 46')
  [5/50] Вестхук - Осткамп (2:0) ... SKIP (немає надійних хвилин голів — не можемо підтвердити «без голу до 60»)
  [6/50] Каламоча - Уеска B (1:0) ... SKIP (гол до 60': перший на 21')
  [7/50] Сантамаріна - Херміналь (0:0) ... SKIP (немає статистики на мобільній)
  [8/50] Хімнастіка Сеговіана - Реал Ов'єдо B (1:0) ... SKIP (гол до 60': перший на 22')
  [9/50] Санжуаненсе - Паредіш (1:0) ... SKIP (гол до 60': перший на 30')
  [10/50] Сувалкі - ГКС Белхатув (1:1) ... SKIP (немає статистики на мобільній)
  [11/50] Вільєте - Сан-Сальвадор (1:0) ... SKIP (немає надійних хвилин голів — не можемо підтвердити «без голу до 60»)
  [12/50] ФК Ашгабат - Копетдаг Ашгабат (1:1) ... SKIP (немає надійних хвилин голів — не можемо підтвердити «без голу до 60»)
  [13/50] Зеніт - Ахмат Грозний (2:0) ... SKIP (гол до 60': перший на 8')
  [14/50] Комільяс - Ягуе (1:1) ... SKIP (гол до 60': перший на 24')
  [15/50] Баркереньйо - Гуарнісо (0:1) ... SKIP (немає надійних хвилин голів — не можемо підтвердити «без голу до 60»)
  [16/50] Стржешовіце - Адміра Прага B (1:1) ... SKIP (немає надійних хвилин голів — не можемо підтвердити «без голу до 60»)
  [17/50] Буковина - Нива Т. (1:0) ... SKIP (немає статистики на мобільній)
  [18/50] Орхус - Мідтьюлланн (0:0) ...   ⚠ DOM ALERT [tITQGHW0]: PAGE_ERROR — secondHalf: Runtime.callFunctionOn timed out. Increase the 'protocolTimeout' setting in launch/connect calls for a higher timeout if needed.
  [stats] tITQGHW0 → overall_only, 33 metrics
65'→SKIP | 75'→SKIP
  [19/50] Тільффуа - Оне (0:2) ... SKIP (немає надійних хвилин голів — не можемо підтвердити «без голу до 60»)
  [20/50] Космос - Твер (0:2) ... SKIP (гол до 60': перший на 46')
  [21/50] Калуга - Велес Москва (1:0) ... SKIP (гол до 60': перший на 26')
  [22/50] Босковіце-Летовіце - Крумвірж (0:1) ... SKIP (немає надійних хвилин голів — не можемо підтвердити «без голу до 60»)
  [23/50] Санта-Крус - Амазонас (0:1) ... 